// Jest Snapshot v1, https://goo.gl/fbAQLP

exports[`Dialog renders correctly 1`] = `
<Col
  lg={12}
  xs={12}
>
  <Row
    center="xs"
  >
    <div
      className="dialog-container"
      id="testing-id"
    >
      <p
        className="dialog-text"
      >
        Testing123
      </p>
    </div>
  </Row>
</Col>
`;
