// Jest Snapshot v1, https://goo.gl/fbAQLP

exports[`Loading renders correctly 1`] = `
<div
  className="loading-container"
>
  <Col
    xs={12}
  >
    <Row
      center="xs"
    >
      <Dialog>
        <div
          className="loading-error"
        >
          <p>
            Error detecting image :( Click below to try again.
          </p>
          <IconButton
            clickHandler={[Function]}
            type="check"
          />
        </div>
      </Dialog>
    </Row>
  </Col>
</div>
`;
