// Jest Snapshot v1, https://goo.gl/fbAQLP

exports[`Component test Should render correctly 1`] = `
<form
  className="picture-form"
  onSubmit={[Function]}
>
  <Row
    center="xs"
  >
    <input
      className="form-input"
      id="file"
      name="file"
      onChange={[Function]}
      type="file"
    />
    <label
      className="file-label button"
      htmlFor="file"
    >
      Choose a file
    </label>
  </Row>
</form>
`;
